// Jest Snapshot v1, https://goo.gl/fbAQLP

exports[`Snapshot test Snapshot match 1`] = `
<div>
  No Contacts
</div>
`;
